******************************************************************************
                  TI ARM Linker PC v20.2.7                     
******************************************************************************
>> Linked Sat Feb 22 17:35:33 2025

OUTPUT FILE NAME:   <Calculator.out>
ENTRY POINT SYMBOL: "_c_int00_noinit_noargs"  address: 000009f1


MEMORY CONFIGURATION

         name            origin    length      used     unused   attr    fill
----------------------  --------  ---------  --------  --------  ----  --------
  FLASH                 00000000   00040000  00000a40  0003f5c0  R  X
  SRAM                  20000000   00008000  00000200  00007e00  RW X


SEGMENT ALLOCATION MAP

run origin  load origin   length   init length attrs members
----------  ----------- ---------- ----------- ----- -------
00000000    00000000    00000a40   00000a40    r-x
  00000000    00000000    0000026c   0000026c    r-- .intvecs
  0000026c    0000026c    000007c4   000007c4    r-x .text
  00000a30    00000a30    00000010   00000010    r-- .const
20000000    20000000    00000200   00000000    rw-
  20000000    20000000    00000200   00000000    rw- .stack


SECTION ALLOCATION MAP

 output                                  attributes/
section   page    origin      length       input sections
--------  ----  ----------  ----------   ----------------
.intvecs   0    00000000    0000026c     
                  00000000    0000026c     tm4c123gh6pm_startup_ccs.obj (.intvecs)

.text      0    0000026c    000007c4     
                  0000026c    000003b8     source.obj (.text)
                  00000624    00000330     main.obj (.text)
                  00000954    0000009c     rtsv7M4_T_le_v4SPD16_eabi.lib : memcpy_t2.asm.obj (.text)
                  000009f0    0000002c                                   : boot_cortex_m.c.obj (.text:_c_int00_noinit_noargs:_c_int00_noinit_noargs)
                  00000a1c    0000000c     tm4c123gh6pm_startup_ccs.obj (.text)
                  00000a28    00000004     rtsv7M4_T_le_v4SPD16_eabi.lib : pre_init.c.obj (.text:_system_pre_init)
                  00000a2c    00000004                                   : exit.c.obj (.text:abort:abort)

.const     0    00000a30    00000010     
                  00000a30    00000010     source.obj (.const:$P$T0$1)

.cinit     0    00000000    00000000     UNINITIALIZED

.init_array 
*          0    00000000    00000000     UNINITIALIZED

.stack     0    20000000    00000200     UNINITIALIZED
                  20000000    00000004     rtsv7M4_T_le_v4SPD16_eabi.lib : boot_cortex_m.c.obj (.stack)
                  20000004    000001fc     --HOLE--

__llvm_prf_cnts 
*          0    20000000    00000000     UNINITIALIZED

MODULE SUMMARY

       Module                         code   ro data   rw data
       ------                         ----   -------   -------
    .\
       source.obj                     952    16        0      
       main.obj                       816    0         0      
       tm4c123gh6pm_startup_ccs.obj   12     620       0      
    +--+------------------------------+------+---------+---------+
       Total:                         1780   636       0      
                                                              
    C:\ti\ccs1281\ccs\tools\compiler\ti-cgt-arm_20.2.7.LTS\lib\rtsv7M4_T_le_v4SPD16_eabi.lib
       memcpy_t2.asm.obj              156    0         0      
       boot_cortex_m.c.obj            44     0         0      
       exit.c.obj                     4      0         0      
       pre_init.c.obj                 4      0         0      
    +--+------------------------------+------+---------+---------+
       Total:                         208    0         0      
                                                              
       Stack:                         0      0         512    
    +--+------------------------------+------+---------+---------+
       Grand Total:                   1988   636       512    


GLOBAL SYMBOLS: SORTED ALPHABETICALLY BY Name 

address   name                   
-------   ----                   
00000a2d  C$$EXIT                
0000026d  EnableGPIO             
000002f9  EnableUART             
00000a1d  ResetISR               
20000200  __STACK_END            
00000200  __STACK_SIZE           
20000200  __STACK_TOP            
ffffffff  __TI_pprof_out_hndl    
ffffffff  __TI_prof_data_size    
ffffffff  __TI_prof_data_start   
00000000  __TI_static_base__     
00000955  __aeabi_memcpy         
00000955  __aeabi_memcpy4        
00000955  __aeabi_memcpy8        
ffffffff  __binit__              
ffffffff  __c_args__             
UNDEFED   __mpu_init             
20000000  __stack                
20000000  __start___llvm_prf_cnts
20000000  __stop___llvm_prf_cnts 
000009f1  _c_int00_noinit_noargs 
00000a29  _system_pre_init       
00000a2d  abort                  
ffffffff  binit                  
00000493  delay_us               
00000000  g_pfnVectors           
000004cd  keypad_input           
0000043b  lcd_init               
00000413  lcd_print              
000003c1  lcd_write_cmd          
0000036f  lcd_write_data         
00000625  main                   
00000955  memcpy                 
00000579  multiply_arr           
000005ad  print                  
00000353  sendChar               
00000547  string_to_int          


GLOBAL SYMBOLS: SORTED BY Symbol Address 

address   name                   
-------   ----                   
00000000  __TI_static_base__     
00000000  g_pfnVectors           
00000200  __STACK_SIZE           
0000026d  EnableGPIO             
000002f9  EnableUART             
00000353  sendChar               
0000036f  lcd_write_data         
000003c1  lcd_write_cmd          
00000413  lcd_print              
0000043b  lcd_init               
00000493  delay_us               
000004cd  keypad_input           
00000547  string_to_int          
00000579  multiply_arr           
000005ad  print                  
00000625  main                   
00000955  __aeabi_memcpy         
00000955  __aeabi_memcpy4        
00000955  __aeabi_memcpy8        
00000955  memcpy                 
000009f1  _c_int00_noinit_noargs 
00000a1d  ResetISR               
00000a29  _system_pre_init       
00000a2d  C$$EXIT                
00000a2d  abort                  
20000000  __stack                
20000000  __start___llvm_prf_cnts
20000000  __stop___llvm_prf_cnts 
20000200  __STACK_END            
20000200  __STACK_TOP            
ffffffff  __TI_pprof_out_hndl    
ffffffff  __TI_prof_data_size    
ffffffff  __TI_prof_data_start   
ffffffff  __binit__              
ffffffff  __c_args__             
ffffffff  binit                  
UNDEFED   __mpu_init             

[37 symbols]
